../Core/Src/main.c:125:6:KeyPad_Read	8	static
../Core/Src/main.c:315:6:LECTURA_BTN	16	static
../Core/Src/main.c:343:6:LECTURA_BTN2	16	static
../Core/Src/main.c:371:6:Write_D4_FSM	24	static
../Core/Src/main.c:402:6:Write_ASCII_D4	24	static
../Core/Src/main.c:446:6:servo	24	static
../Core/Src/main.c:478:5:main	24	static
../Core/Src/main.c:719:6:SystemClock_Config	96	static
../Core/Src/main.c:769:13:MX_I2C1_Init	8	static
../Core/Src/main.c:817:13:MX_TIM1_Init	40	static
../Core/Src/main.c:864:13:MX_TIM2_Init	64	static
../Core/Src/main.c:923:13:MX_TIM4_Init	40	static
../Core/Src/main.c:968:13:MX_USART2_UART_Init	8	static
../Core/Src/main.c:1003:13:MX_GPIO_Init	48	static
../Core/Src/main.c:1080:6:Error_Handler	4	static,ignoring_inline_asm
